Information: Updating design information... (UID-85)
 
****************************************
Report : timing
        -path full
        -delay max
        -max_paths 1
Design : MyDesign
Version: P-2019.03-SP1
Date   : Tue Nov 16 23:04:14 2021
****************************************

Operating Conditions: slow   Library: NangateOpenCellLibrary_PDKv1_2_v2008_10_slow_nldm
Wire Load Model Mode: top

  Startpoint: wmem_dut_read_data[2]
              (input port clocked by clk)
  Endpoint: dut_sram_write_data[2]
            (output port clocked by clk)
  Path Group: clk
  Path Type: max

  Point                                    Incr       Path
  -----------------------------------------------------------
  clock clk (rise edge)                  0.0000     0.0000
  clock network delay (ideal)            0.0000     0.0000
  input external delay                   0.6580     0.6580 r
  wmem_dut_read_data[2] (in)             0.1954     0.8534 r
  U234/ZN (XNOR2_X1)                     0.3316     1.1851 r
  U59/ZN (INV_X1)                        0.1096     1.2947 f
  U324/ZN (XNOR2_X1)                     0.2630     1.5577 f
  U64/ZN (XNOR2_X2)                      0.2926     1.8503 f
  U344/CO (FA_X1)                        0.5561     2.4063 f
  U235/ZN (OR2_X1)                       0.2395     2.6458 f
  U332/ZN (NAND2_X1)                     0.1279     2.7737 r
  U343/ZN (NAND2_X1)                     0.0825     2.8562 f
  U63/ZN (NAND3_X1)                      0.2003     3.0565 r
  U71/ZN (AOI21_X2)                      0.1102     3.1667 f
  U62/ZN (INV_X4)                        0.2170     3.3837 r
  dut_sram_write_data[2] (out)           0.0000     3.3837 r
  data arrival time                                 3.3837

  clock clk (rise edge)                  4.0000     4.0000
  clock network delay (ideal)            0.0000     4.0000
  clock uncertainty                     -0.0500     3.9500
  output external delay                 -0.5660     3.3840
  data required time                                3.3840
  -----------------------------------------------------------
  data required time                                3.3840
  data arrival time                                -3.3837
  -----------------------------------------------------------
  slack (MET)                                       0.0003


1
